Godot Engine v4.7.2.stable.steam.ed1daf0bf - https://godotengine.org

Movie Maker mode enabled, recording movie in 1152×648 @ 10 FPS...
ERROR: Parameter "t" is null.
   at: texture_2d_get (./servers/rendering/dummy/storage/texture_storage.h:110)

================================================================
CrashHandlerException: Program crashed with signal 11
Engine version: Godot Engine v4.7.2.stable.steam (ed1daf0bf001b61586d9930840f2f1394092c079)
Dumping the backtrace. Please include this when reporting the bug on: https://github.com/godotengine/godot/issues
Load address: 7ff580a40000

[1] 7ff6c4b15561 (main+40d5561) - no debug info in PE/COFF executable
[2] 7fff4cc84702 (ntdll.dll+124702) - no debug info in PE/COFF executable
[3] 7fff4ccc54fe (ntdll.dll+1654fe) - no debug info in PE/COFF executable
[4] 7fff4cc2bd24 (ntdll.dll+cbd24) - no debug info in PE/COFF executable
[5] 7fff4ccc4e3d (ntdll.dll+164e3d) - no debug info in PE/COFF executable
[6] 7ff6c441cc9f (main+39dcc9f) - no debug info in PE/COFF executable
[7] 7ff6c3cb1595 (main+3271595) - no debug info in PE/COFF executable
[8] 7ff6c0a9deb9 (main+5deb9) - no debug info in PE/COFF executable
[9] 7ff6c0a42ef0 (main+2ef0) - no debug info in PE/COFF executable
[10] 7ff6c0a92b41 (main+52b41) - no debug info in PE/COFF executable
[11] 7ff6c0a92b7d (main+52b7d) - no debug info in PE/COFF executable
[12] 7ff6c0a410c8 (main+10c8) - no debug info in PE/COFF executable
[13] 7ff6c0a413f5 (main+13f5) - no debug info in PE/COFF executable
[14] 7fff4c3ecd86 (kernel32.dll+2cd86) - no debug info in PE/COFF executable
[15] 7fff4cc0caeb (ntdll.dll+acaeb) - no debug info in PE/COFF executable
[16] -1 (main+-7ff6c0a40001) - no debug info in PE/COFF executable
-- END OF C++ BACKTRACE --
================================================================
